

Microchip Technology PIC LITE Macro Assembler V1.33 build 59893 
                                                                                               Wed Mar 18 00:58:48 2026

Microchip Technology Omniscient Code Generator (Lite mode) build 59893
     1                           	processor	16F877A
     2                           	opt	pw 120
     3                           	opt	lm
     4                           	psect	text0,local,class=CODE,merge=1,delta=2
     5                           	psect	cinit,global,class=CODE,merge=1,delta=2
     6                           	psect	bssCOMMON,global,class=COMMON,space=1,delta=1
     7                           	psect	cstackCOMMON,global,class=COMMON,space=1,delta=1
     8                           	psect	maintext,global,class=CODE,split=1,delta=2
     9                           	psect	text1,local,class=CODE,merge=1,delta=2
    10                           	psect	text2,local,class=CODE,merge=1,delta=2
    11                           	psect	text3,local,class=CODE,merge=1,delta=2
    12                           	psect	text4,local,class=CODE,merge=1,delta=2
    13                           	dabs	1,0x7E,2
    14  0000                     	;# 
    15  0001                     	;# 
    16  0002                     	;# 
    17  0003                     	;# 
    18  0004                     	;# 
    19  0005                     	;# 
    20  0006                     	;# 
    21  0007                     	;# 
    22  0008                     	;# 
    23  0009                     	;# 
    24  000A                     	;# 
    25  000B                     	;# 
    26  000C                     	;# 
    27  000D                     	;# 
    28  000E                     	;# 
    29  000E                     	;# 
    30  000F                     	;# 
    31  0010                     	;# 
    32  0011                     	;# 
    33  0012                     	;# 
    34  0013                     	;# 
    35  0014                     	;# 
    36  0015                     	;# 
    37  0015                     	;# 
    38  0016                     	;# 
    39  0017                     	;# 
    40  0018                     	;# 
    41  0019                     	;# 
    42  001A                     	;# 
    43  001B                     	;# 
    44  001B                     	;# 
    45  001C                     	;# 
    46  001D                     	;# 
    47  001E                     	;# 
    48  001F                     	;# 
    49  0081                     	;# 
    50  0085                     	;# 
    51  0086                     	;# 
    52  0087                     	;# 
    53  0088                     	;# 
    54  0089                     	;# 
    55  008C                     	;# 
    56  008D                     	;# 
    57  008E                     	;# 
    58  0091                     	;# 
    59  0092                     	;# 
    60  0093                     	;# 
    61  0094                     	;# 
    62  0098                     	;# 
    63  0099                     	;# 
    64  009C                     	;# 
    65  009D                     	;# 
    66  009E                     	;# 
    67  009F                     	;# 
    68  010C                     	;# 
    69  010D                     	;# 
    70  010E                     	;# 
    71  010F                     	;# 
    72  018C                     	;# 
    73  018D                     	;# 
    74  0006                     _PORTB	set	6
    75  0007                     _PORTC	set	7
    76  0008                     _PORTD	set	8
    77  0031                     _RB1	set	49
    78  0032                     _RB2	set	50
    79  0044                     _RD4	set	68
    80  0086                     _TRISB	set	134
    81  0087                     _TRISC	set	135
    82  0088                     _TRISD	set	136
    83                           
    84                           	psect	text0
    85  0000                     __ptext0:	
    86                           ; #config settings
    87                           
    88                           
    89                           ;psect for function _delay
    90  0000                     
    91                           	psect	cinit
    92  07FA                     start_initialization:	
    93  07FA                     __initialization:	
    94                           
    95                           ; Clear objects allocated to COMMON
    96  07FA  01F7               	clrf	__pbssCOMMON& (0+127)
    97  07FB  01F8               	clrf	(__pbssCOMMON+1)& (0+127)
    98  07FC                     end_of_initialization:	
    99                           ;End of C runtime variable initialization code
   100                           
   101  07FC                     __end_of__initialization:	
   102  07FC  0183               	clrf	3
   103  07FD  120A  118A  2E48   	ljmp	_main	;jump to C main() function
   104                           
   105                           	psect	bssCOMMON
   106  0077                     __pbssCOMMON:	
   107  0077                     _input:	
   108  0077                     	ds	2
   109                           
   110                           	psect	cstackCOMMON
   111  0070                     __pcstackCOMMON:	
   112  0070                     ?_delay:	
   113  0070                     ?_dataCtrl:	
   114                           ; 0 bytes @ 0x0
   115                           
   116  0070                     ?_instCtrl:	
   117                           ; 0 bytes @ 0x0
   118                           
   119  0070                     ?_initLCD:	
   120                           ; 0 bytes @ 0x0
   121                           
   122  0070                     ?_main:	
   123                           ; 0 bytes @ 0x0
   124                           
   125  0070                     delay@cnt:	
   126                           ; 0 bytes @ 0x0
   127                           
   128                           
   129                           ; 2 bytes @ 0x0
   130  0070                     	ds	2
   131  0072                     ??_delay:	
   132  0072                     delay@i:	
   133                           ; 0 bytes @ 0x2
   134                           
   135                           
   136                           ; 2 bytes @ 0x2
   137  0072                     	ds	2
   138  0074                     delay@j:	
   139                           
   140                           ; 2 bytes @ 0x4
   141  0074                     	ds	2
   142  0076                     ??_dataCtrl:	
   143  0076                     ??_instCtrl:	
   144                           ; 0 bytes @ 0x6
   145                           
   146  0076                     dataCtrl@DATA:	
   147                           ; 0 bytes @ 0x6
   148                           
   149  0076                     instCtrl@INST:	
   150                           ; 1 bytes @ 0x6
   151                           
   152                           
   153                           ; 1 bytes @ 0x6
   154  0076                     	ds	1
   155  0077                     ??_initLCD:	
   156  0077                     ??_main:	
   157                           ; 0 bytes @ 0x7
   158                           
   159                           
   160                           	psect	maintext
   161  0648                     __pmaintext:	
   162                           ; 0 bytes @ 0x7
   163 ;;
   164 ;;Main: autosize = 0, tempsize = 0, incstack = 0, save=0
   165 ;;
   166 ;; *************** function _main *****************
   167 ;; Defined at:
   168 ;;		line 53 in file "C:\Users\USER\OneDrive\Documents\premid1-1.c"
   169 ;; Parameters:    Size  Location     Type
   170 ;;		None
   171 ;; Auto vars:     Size  Location     Type
   172 ;;		None
   173 ;; Return value:  Size  Location     Type
   174 ;;		None               void
   175 ;; Registers used:
   176 ;;		wreg, status,2, status,0, btemp+1, pclath, cstack
   177 ;; Tracked objects:
   178 ;;		On entry : 17F/0
   179 ;;		On exit  : 0/0
   180 ;;		Unchanged: 0/0
   181 ;; Data sizes:     COMMON   BANK0   BANK1   BANK3   BANK2
   182 ;;      Params:         0       0       0       0       0
   183 ;;      Locals:         0       0       0       0       0
   184 ;;      Temps:          0       0       0       0       0
   185 ;;      Totals:         0       0       0       0       0
   186 ;;Total ram usage:        0 bytes
   187 ;; Hardware stack levels required when called:    3
   188 ;; This function calls:
   189 ;;		_dataCtrl
   190 ;;		_delay
   191 ;;		_initLCD
   192 ;;		_instCtrl
   193 ;; This function is called by:
   194 ;;		Startup code after reset
   195 ;; This function uses a non-reentrant model
   196 ;;
   197                           
   198                           
   199                           ;psect for function _main
   200  0648                     _main:	
   201                           
   202                           ;premid1-1.c: 55: TRISB = 0x00;
   203                           
   204                           ;incstack = 0
   205                           ; Regs used in _main: [wreg+status,2+status,0+btemp+1+pclath+cstack]
   206  0648  1683               	bsf	3,5	;RP0=1, select bank1
   207  0649  1303               	bcf	3,6	;RP1=0, select bank1
   208  064A  0186               	clrf	6	;volatile
   209                           
   210                           ;premid1-1.c: 56: TRISC = 0x00;
   211  064B  0187               	clrf	7	;volatile
   212                           
   213                           ;premid1-1.c: 57: TRISD = 0xFF;
   214  064C  30FF               	movlw	255
   215  064D  0088               	movwf	8	;volatile
   216                           
   217                           ;premid1-1.c: 59: PORTB = 0x00;
   218  064E  1283               	bcf	3,5	;RP0=0, select bank0
   219  064F  1303               	bcf	3,6	;RP1=0, select bank0
   220  0650  0186               	clrf	6	;volatile
   221                           
   222                           ;premid1-1.c: 60: PORTC = 0x00;
   223  0651  0187               	clrf	7	;volatile
   224                           
   225                           ;premid1-1.c: 62: initLCD();
   226  0652  120A  118A  25F3  120A  118A  	fcall	_initLCD
   227  0657                     l577:	
   228                           ;premid1-1.c: 64: while(1)
   229                           
   230                           
   231                           ;premid1-1.c: 65: {
   232                           ;premid1-1.c: 66: instCtrl(0x01);
   233  0657  3001               	movlw	1
   234  0658  120A  118A  25E1  120A  118A  	fcall	_instCtrl
   235                           
   236                           ;premid1-1.c: 67: delay(2);
   237  065D  3002               	movlw	2
   238  065E  00F0               	movwf	delay@cnt
   239  065F  3000               	movlw	0
   240  0660  00F1               	movwf	delay@cnt+1
   241  0661  120A  118A  2619  120A  118A  	fcall	_delay
   242                           
   243                           ;premid1-1.c: 69: instCtrl(0x80);
   244  0666  3080               	movlw	128
   245  0667  120A  118A  25E1  120A  118A  	fcall	_instCtrl
   246                           
   247                           ;premid1-1.c: 70: dataCtrl('H');
   248  066C  3048               	movlw	72
   249  066D  120A  118A  25CF  120A  118A  	fcall	_dataCtrl
   250                           
   251                           ;premid1-1.c: 71: dataCtrl('O');
   252  0672  304F               	movlw	79
   253  0673  120A  118A  25CF  120A  118A  	fcall	_dataCtrl
   254                           
   255                           ;premid1-1.c: 72: dataCtrl('W');
   256  0678  3057               	movlw	87
   257  0679  120A  118A  25CF  120A  118A  	fcall	_dataCtrl
   258                           
   259                           ;premid1-1.c: 74: instCtrl(0x84);
   260  067E  3084               	movlw	132
   261  067F  120A  118A  25E1  120A  118A  	fcall	_instCtrl
   262                           
   263                           ;premid1-1.c: 75: dataCtrl('M');
   264  0684  304D               	movlw	77
   265  0685  120A  118A  25CF  120A  118A  	fcall	_dataCtrl
   266                           
   267                           ;premid1-1.c: 76: dataCtrl('A');
   268  068A  3041               	movlw	65
   269  068B  120A  118A  25CF  120A  118A  	fcall	_dataCtrl
   270                           
   271                           ;premid1-1.c: 77: dataCtrl('N');
   272  0690  304E               	movlw	78
   273  0691  120A  118A  25CF  120A  118A  	fcall	_dataCtrl
   274                           
   275                           ;premid1-1.c: 78: dataCtrl('Y');
   276  0696  3059               	movlw	89
   277  0697  120A  118A  25CF  120A  118A  	fcall	_dataCtrl
   278                           
   279                           ;premid1-1.c: 80: instCtrl(0x89);
   280  069C  3089               	movlw	137
   281  069D  120A  118A  25E1  120A  118A  	fcall	_instCtrl
   282                           
   283                           ;premid1-1.c: 81: dataCtrl('T');
   284  06A2  3054               	movlw	84
   285  06A3  120A  118A  25CF  120A  118A  	fcall	_dataCtrl
   286                           
   287                           ;premid1-1.c: 82: dataCtrl('O');
   288  06A8  304F               	movlw	79
   289  06A9  120A  118A  25CF  120A  118A  	fcall	_dataCtrl
   290                           
   291                           ;premid1-1.c: 84: instCtrl(0x8C);
   292  06AE  308C               	movlw	140
   293  06AF  120A  118A  25E1  120A  118A  	fcall	_instCtrl
   294                           
   295                           ;premid1-1.c: 85: dataCtrl('P');
   296  06B4  3050               	movlw	80
   297  06B5  120A  118A  25CF  120A  118A  	fcall	_dataCtrl
   298                           
   299                           ;premid1-1.c: 86: dataCtrl('R');
   300  06BA  3052               	movlw	82
   301  06BB  120A  118A  25CF  120A  118A  	fcall	_dataCtrl
   302                           
   303                           ;premid1-1.c: 87: dataCtrl('I');
   304  06C0  3049               	movlw	73
   305  06C1  120A  118A  25CF  120A  118A  	fcall	_dataCtrl
   306                           
   307                           ;premid1-1.c: 88: dataCtrl('N');
   308  06C6  304E               	movlw	78
   309  06C7  120A  118A  25CF  120A  118A  	fcall	_dataCtrl
   310                           
   311                           ;premid1-1.c: 89: dataCtrl('T');
   312  06CC  3054               	movlw	84
   313  06CD  120A  118A  25CF  120A  118A  	fcall	_dataCtrl
   314                           
   315                           ;premid1-1.c: 90: dataCtrl('?');
   316  06D2  303F               	movlw	63
   317  06D3  120A  118A  25CF  120A  118A  	fcall	_dataCtrl
   318                           
   319                           ;premid1-1.c: 92: instCtrl(0xC0);
   320  06D8  30C0               	movlw	192
   321  06D9  120A  118A  25E1  120A  118A  	fcall	_instCtrl
   322  06DE                     l40:	
   323                           ;premid1-1.c: 95: while(RD4 == 0);
   324                           
   325  06DE  1283               	bcf	3,5	;RP0=0, select bank0
   326  06DF  1303               	bcf	3,6	;RP1=0, select bank0
   327  06E0  1E08               	btfss	8,4	;volatile
   328  06E1  2EDE               	goto	l40
   329                           
   330                           ;premid1-1.c: 97: delay(5);
   331  06E2  3005               	movlw	5
   332  06E3  00F0               	movwf	delay@cnt
   333  06E4  3000               	movlw	0
   334  06E5  00F1               	movwf	delay@cnt+1
   335  06E6  120A  118A  2619  120A  118A  	fcall	_delay
   336                           
   337                           ;premid1-1.c: 99: instCtrl(0xC0);
   338  06EB  30C0               	movlw	192
   339  06EC  120A  118A  25E1  120A  118A  	fcall	_instCtrl
   340                           
   341                           ;premid1-1.c: 101: if((PORTD & 0x0F) == 0x00)
   342  06F1  1283               	bcf	3,5	;RP0=0, select bank0
   343  06F2  1303               	bcf	3,6	;RP1=0, select bank0
   344  06F3  0808               	movf	8,w	;volatile
   345  06F4  390F               	andlw	15
   346  06F5  1D03               	btfss	3,2
   347  06F6  2EFF               	goto	l629
   348                           
   349                           ;premid1-1.c: 102: {
   350                           ;premid1-1.c: 103: dataCtrl('1');
   351  06F7  3031               	movlw	49
   352  06F8  120A  118A  25CF  120A  118A  	fcall	_dataCtrl
   353                           
   354                           ;premid1-1.c: 104: input = 1;
   355  06FD  3001               	movlw	1
   356  06FE  2F76               	goto	L8
   357  06FF                     l629:	
   358                           ;premid1-1.c: 105: }
   359                           
   360                           
   361                           ;premid1-1.c: 106: else if((PORTD & 0x0F) == 0x01)
   362  06FF  1283               	bcf	3,5	;RP0=0, select bank0
   363  0700  1303               	bcf	3,6	;RP1=0, select bank0
   364  0701  0808               	movf	8,w	;volatile
   365  0702  390F               	andlw	15
   366  0703  3A01               	xorlw	1
   367  0704  1D03               	skipz
   368  0705  2F0E               	goto	l635
   369                           
   370                           ;premid1-1.c: 107: {
   371                           ;premid1-1.c: 108: dataCtrl('2');
   372  0706  3032               	movlw	50
   373  0707  120A  118A  25CF  120A  118A  	fcall	_dataCtrl
   374                           
   375                           ;premid1-1.c: 109: input = 2;
   376  070C  3002               	movlw	2
   377  070D  2F76               	goto	L8
   378  070E                     l635:	
   379                           ;premid1-1.c: 110: }
   380                           
   381                           
   382                           ;premid1-1.c: 111: else if((PORTD & 0x0F) == 0x02)
   383  070E  1283               	bcf	3,5	;RP0=0, select bank0
   384  070F  1303               	bcf	3,6	;RP1=0, select bank0
   385  0710  0808               	movf	8,w	;volatile
   386  0711  390F               	andlw	15
   387  0712  3A02               	xorlw	2
   388  0713  1D03               	skipz
   389  0714  2F1D               	goto	l641
   390                           
   391                           ;premid1-1.c: 112: {
   392                           ;premid1-1.c: 113: dataCtrl('3');
   393  0715  3033               	movlw	51
   394  0716  120A  118A  25CF  120A  118A  	fcall	_dataCtrl
   395                           
   396                           ;premid1-1.c: 114: input = 3;
   397  071B  3003               	movlw	3
   398  071C  2F76               	goto	L8
   399  071D                     l641:	
   400                           ;premid1-1.c: 115: }
   401                           
   402                           
   403                           ;premid1-1.c: 116: else if((PORTD & 0x0F) == 0x04)
   404  071D  1283               	bcf	3,5	;RP0=0, select bank0
   405  071E  1303               	bcf	3,6	;RP1=0, select bank0
   406  071F  0808               	movf	8,w	;volatile
   407  0720  390F               	andlw	15
   408  0721  3A04               	xorlw	4
   409  0722  1D03               	skipz
   410  0723  2F2C               	goto	l647
   411                           
   412                           ;premid1-1.c: 117: {
   413                           ;premid1-1.c: 118: dataCtrl('4');
   414  0724  3034               	movlw	52
   415  0725  120A  118A  25CF  120A  118A  	fcall	_dataCtrl
   416                           
   417                           ;premid1-1.c: 119: input = 4;
   418  072A  3004               	movlw	4
   419  072B  2F76               	goto	L8
   420  072C                     l647:	
   421                           ;premid1-1.c: 120: }
   422                           
   423                           
   424                           ;premid1-1.c: 121: else if((PORTD & 0x0F) == 0x05)
   425  072C  1283               	bcf	3,5	;RP0=0, select bank0
   426  072D  1303               	bcf	3,6	;RP1=0, select bank0
   427  072E  0808               	movf	8,w	;volatile
   428  072F  390F               	andlw	15
   429  0730  3A05               	xorlw	5
   430  0731  1D03               	skipz
   431  0732  2F3B               	goto	l653
   432                           
   433                           ;premid1-1.c: 122: {
   434                           ;premid1-1.c: 123: dataCtrl('5');
   435  0733  3035               	movlw	53
   436  0734  120A  118A  25CF  120A  118A  	fcall	_dataCtrl
   437                           
   438                           ;premid1-1.c: 124: input = 5;
   439  0739  3005               	movlw	5
   440  073A  2F76               	goto	L8
   441  073B                     l653:	
   442                           ;premid1-1.c: 125: }
   443                           
   444                           
   445                           ;premid1-1.c: 126: else if((PORTD & 0x0F) == 0x06)
   446  073B  1283               	bcf	3,5	;RP0=0, select bank0
   447  073C  1303               	bcf	3,6	;RP1=0, select bank0
   448  073D  0808               	movf	8,w	;volatile
   449  073E  390F               	andlw	15
   450  073F  3A06               	xorlw	6
   451  0740  1D03               	skipz
   452  0741  2F4A               	goto	l659
   453                           
   454                           ;premid1-1.c: 127: {
   455                           ;premid1-1.c: 128: dataCtrl('6');
   456  0742  3036               	movlw	54
   457  0743  120A  118A  25CF  120A  118A  	fcall	_dataCtrl
   458                           
   459                           ;premid1-1.c: 129: input = 6;
   460  0748  3006               	movlw	6
   461  0749  2F76               	goto	L8
   462  074A                     l659:	
   463                           ;premid1-1.c: 130: }
   464                           
   465                           
   466                           ;premid1-1.c: 131: else if((PORTD & 0x0F) == 0x08)
   467  074A  1283               	bcf	3,5	;RP0=0, select bank0
   468  074B  1303               	bcf	3,6	;RP1=0, select bank0
   469  074C  0808               	movf	8,w	;volatile
   470  074D  390F               	andlw	15
   471  074E  3A08               	xorlw	8
   472  074F  1D03               	skipz
   473  0750  2F59               	goto	l665
   474                           
   475                           ;premid1-1.c: 132: {
   476                           ;premid1-1.c: 133: dataCtrl('7');
   477  0751  3037               	movlw	55
   478  0752  120A  118A  25CF  120A  118A  	fcall	_dataCtrl
   479                           
   480                           ;premid1-1.c: 134: input = 7;
   481  0757  3007               	movlw	7
   482  0758  2F76               	goto	L8
   483  0759                     l665:	
   484                           ;premid1-1.c: 135: }
   485                           
   486                           
   487                           ;premid1-1.c: 136: else if((PORTD & 0x0F) == 0x09)
   488  0759  1283               	bcf	3,5	;RP0=0, select bank0
   489  075A  1303               	bcf	3,6	;RP1=0, select bank0
   490  075B  0808               	movf	8,w	;volatile
   491  075C  390F               	andlw	15
   492  075D  3A09               	xorlw	9
   493  075E  1D03               	skipz
   494  075F  2F68               	goto	l671
   495                           
   496                           ;premid1-1.c: 137: {
   497                           ;premid1-1.c: 138: dataCtrl('8');
   498  0760  3038               	movlw	56
   499  0761  120A  118A  25CF  120A  118A  	fcall	_dataCtrl
   500                           
   501                           ;premid1-1.c: 139: input = 8;
   502  0766  3008               	movlw	8
   503  0767  2F76               	goto	L8
   504  0768                     l671:	
   505                           ;premid1-1.c: 140: }
   506                           
   507                           
   508                           ;premid1-1.c: 141: else if((PORTD & 0x0F) == 0x0A)
   509  0768  1283               	bcf	3,5	;RP0=0, select bank0
   510  0769  1303               	bcf	3,6	;RP1=0, select bank0
   511  076A  0808               	movf	8,w	;volatile
   512  076B  390F               	andlw	15
   513  076C  3A0A               	xorlw	10
   514  076D  1D03               	skipz
   515  076E  2F7A               	goto	l677
   516                           
   517                           ;premid1-1.c: 142: {
   518                           ;premid1-1.c: 143: dataCtrl('9');
   519  076F  3039               	movlw	57
   520  0770  120A  118A  25CF  120A  118A  	fcall	_dataCtrl
   521                           
   522                           ;premid1-1.c: 144: input = 9;
   523  0775  3009               	movlw	9
   524  0776                     L8:	
   525  0776  00F7               	movwf	_input
   526  0777  3000               	movlw	0
   527  0778  00F8               	movwf	_input+1
   528                           
   529                           ;premid1-1.c: 145: }
   530  0779  2F8B               	goto	l687
   531  077A                     l677:	
   532                           
   533                           ;premid1-1.c: 146: else if((PORTD & 0x0F) == 0x0D)
   534  077A  1283               	bcf	3,5	;RP0=0, select bank0
   535  077B  1303               	bcf	3,6	;RP1=0, select bank0
   536  077C  0808               	movf	8,w	;volatile
   537  077D  390F               	andlw	15
   538  077E  3A0D               	xorlw	13
   539  077F  1D03               	skipz
   540  0780  2F83               	goto	l683
   541                           
   542                           ;premid1-1.c: 147: {
   543                           ;premid1-1.c: 148: dataCtrl('0');
   544  0781  3030               	movlw	48
   545  0782  2F84               	goto	L9
   546  0783                     l683:	
   547                           ;premid1-1.c: 150: }
   548                           
   549                           ;premid1-1.c: 149: input = 0;
   550                           
   551                           
   552                           ;premid1-1.c: 151: else
   553                           ;premid1-1.c: 152: {
   554                           ;premid1-1.c: 153: dataCtrl('?');
   555  0783  303F               	movlw	63
   556  0784                     L9:	
   557  0784  120A  118A  25CF  120A  118A  	fcall	_dataCtrl
   558                           
   559                           ;premid1-1.c: 154: input = 0;
   560  0789  01F7               	clrf	_input
   561  078A  01F8               	clrf	_input+1
   562  078B                     l687:	
   563                           
   564                           ;premid1-1.c: 155: }
   565                           ;premid1-1.c: 157: instCtrl(0x94);
   566  078B  3094               	movlw	148
   567  078C  120A  118A  25E1  120A  118A  	fcall	_instCtrl
   568                           
   569                           ;premid1-1.c: 158: dataCtrl('P');
   570  0791  3050               	movlw	80
   571  0792  120A  118A  25CF  120A  118A  	fcall	_dataCtrl
   572                           
   573                           ;premid1-1.c: 159: dataCtrl('R');
   574  0797  3052               	movlw	82
   575  0798  120A  118A  25CF  120A  118A  	fcall	_dataCtrl
   576                           
   577                           ;premid1-1.c: 160: dataCtrl('I');
   578  079D  3049               	movlw	73
   579  079E  120A  118A  25CF  120A  118A  	fcall	_dataCtrl
   580                           
   581                           ;premid1-1.c: 161: dataCtrl('N');
   582  07A3  304E               	movlw	78
   583  07A4  120A  118A  25CF  120A  118A  	fcall	_dataCtrl
   584                           
   585                           ;premid1-1.c: 162: dataCtrl('T');
   586  07A9  3054               	movlw	84
   587  07AA  120A  118A  25CF  120A  118A  	fcall	_dataCtrl
   588                           
   589                           ;premid1-1.c: 163: dataCtrl('I');
   590  07AF  3049               	movlw	73
   591  07B0  120A  118A  25CF  120A  118A  	fcall	_dataCtrl
   592                           
   593                           ;premid1-1.c: 164: dataCtrl('N');
   594  07B5  304E               	movlw	78
   595  07B6  120A  118A  25CF  120A  118A  	fcall	_dataCtrl
   596                           
   597                           ;premid1-1.c: 165: dataCtrl('G');
   598  07BB  3047               	movlw	71
   599  07BC  120A  118A  25CF  120A  118A  	fcall	_dataCtrl
   600                           
   601                           ;premid1-1.c: 167: instCtrl(0x9D);
   602  07C1  309D               	movlw	157
   603  07C2  120A  118A  25E1  120A  118A  	fcall	_instCtrl
   604                           
   605                           ;premid1-1.c: 168: dataCtrl('1');
   606  07C7  3031               	movlw	49
   607  07C8  120A  118A  25CF  120A  118A  	fcall	_dataCtrl
   608                           
   609                           ;premid1-1.c: 170: instCtrl(0x9F);
   610  07CD  309F               	movlw	159
   611  07CE  120A  118A  25E1  120A  118A  	fcall	_instCtrl
   612                           
   613                           ;premid1-1.c: 171: dataCtrl('O');
   614  07D3  304F               	movlw	79
   615  07D4  120A  118A  25CF  120A  118A  	fcall	_dataCtrl
   616                           
   617                           ;premid1-1.c: 172: dataCtrl('F');
   618  07D9  3046               	movlw	70
   619  07DA  120A  118A  25CF  120A  118A  	fcall	_dataCtrl
   620                           
   621                           ;premid1-1.c: 174: instCtrl(0xA2);
   622  07DF  30A2               	movlw	162
   623  07E0  120A  118A  25E1  120A  118A  	fcall	_instCtrl
   624                           
   625                           ;premid1-1.c: 175: dataCtrl(input + '0');
   626  07E5  0877               	movf	_input,w
   627  07E6  3E30               	addlw	48
   628  07E7  120A  118A  25CF  120A  118A  	fcall	_dataCtrl
   629  07EC                     l63:	
   630                           ;premid1-1.c: 178: while(RD4 == 1);
   631                           
   632  07EC  1283               	bcf	3,5	;RP0=0, select bank0
   633  07ED  1303               	bcf	3,6	;RP1=0, select bank0
   634  07EE  1A08               	btfsc	8,4	;volatile
   635  07EF  2FEC               	goto	l63
   636                           
   637                           ;premid1-1.c: 179: delay(5);
   638  07F0  3005               	movlw	5
   639  07F1  00F0               	movwf	delay@cnt
   640  07F2  3000               	movlw	0
   641  07F3  00F1               	movwf	delay@cnt+1
   642  07F4  120A  118A  2619  120A  118A  	fcall	_delay
   643  07F9  2E57               	goto	l577
   644  07FA                     __end_of_main:	
   645                           
   646                           	psect	text1
   647  05F3                     __ptext1:	
   648 ;; *************** function _initLCD *****************
   649 ;; Defined at:
   650 ;;		line 43 in file "C:\Users\USER\OneDrive\Documents\premid1-1.c"
   651 ;; Parameters:    Size  Location     Type
   652 ;;		None
   653 ;; Auto vars:     Size  Location     Type
   654 ;;		None
   655 ;; Return value:  Size  Location     Type
   656 ;;		None               void
   657 ;; Registers used:
   658 ;;		wreg, status,2, status,0, btemp+1, pclath, cstack
   659 ;; Tracked objects:
   660 ;;		On entry : 0/0
   661 ;;		On exit  : 0/0
   662 ;;		Unchanged: 0/0
   663 ;; Data sizes:     COMMON   BANK0   BANK1   BANK3   BANK2
   664 ;;      Params:         0       0       0       0       0
   665 ;;      Locals:         0       0       0       0       0
   666 ;;      Temps:          0       0       0       0       0
   667 ;;      Totals:         0       0       0       0       0
   668 ;;Total ram usage:        0 bytes
   669 ;; Hardware stack levels used:    1
   670 ;; Hardware stack levels required when called:    2
   671 ;; This function calls:
   672 ;;		_delay
   673 ;;		_instCtrl
   674 ;; This function is called by:
   675 ;;		_main
   676 ;; This function uses a non-reentrant model
   677 ;;
   678                           
   679                           
   680                           ;psect for function _initLCD
   681  05F3                     _initLCD:	
   682                           
   683                           ;premid1-1.c: 45: delay(20);
   684                           
   685                           ;incstack = 0
   686                           ; Regs used in _initLCD: [wreg+status,2+status,0+btemp+1+pclath+cstack]
   687  05F3  3014               	movlw	20
   688  05F4  00F0               	movwf	delay@cnt
   689  05F5  3000               	movlw	0
   690  05F6  00F1               	movwf	delay@cnt+1
   691  05F7  120A  118A  2619  120A  118A  	fcall	_delay
   692                           
   693                           ;premid1-1.c: 46: instCtrl(0x38);
   694  05FC  3038               	movlw	56
   695  05FD  120A  118A  25E1  120A  118A  	fcall	_instCtrl
   696                           
   697                           ;premid1-1.c: 47: instCtrl(0x08);
   698  0602  3008               	movlw	8
   699  0603  120A  118A  25E1  120A  118A  	fcall	_instCtrl
   700                           
   701                           ;premid1-1.c: 48: instCtrl(0x01);
   702  0608  3001               	movlw	1
   703  0609  120A  118A  25E1  120A  118A  	fcall	_instCtrl
   704                           
   705                           ;premid1-1.c: 49: instCtrl(0x06);
   706  060E  3006               	movlw	6
   707  060F  120A  118A  25E1  120A  118A  	fcall	_instCtrl
   708                           
   709                           ;premid1-1.c: 50: instCtrl(0x0E);
   710  0614  300E               	movlw	14
   711  0615  120A  118A  25E1   	fcall	_instCtrl
   712  0618  0008               	return
   713  0619                     __end_of_initLCD:	
   714                           
   715                           	psect	text2
   716  05E1                     __ptext2:	
   717 ;; *************** function _instCtrl *****************
   718 ;; Defined at:
   719 ;;		line 34 in file "C:\Users\USER\OneDrive\Documents\premid1-1.c"
   720 ;; Parameters:    Size  Location     Type
   721 ;;  INST            1    wreg     unsigned char 
   722 ;; Auto vars:     Size  Location     Type
   723 ;;  INST            1    6[COMMON] unsigned char 
   724 ;; Return value:  Size  Location     Type
   725 ;;		None               void
   726 ;; Registers used:
   727 ;;		wreg, status,2, status,0, btemp+1, pclath, cstack
   728 ;; Tracked objects:
   729 ;;		On entry : 0/0
   730 ;;		On exit  : 0/0
   731 ;;		Unchanged: 0/0
   732 ;; Data sizes:     COMMON   BANK0   BANK1   BANK3   BANK2
   733 ;;      Params:         0       0       0       0       0
   734 ;;      Locals:         1       0       0       0       0
   735 ;;      Temps:          0       0       0       0       0
   736 ;;      Totals:         1       0       0       0       0
   737 ;;Total ram usage:        1 bytes
   738 ;; Hardware stack levels used:    1
   739 ;; Hardware stack levels required when called:    1
   740 ;; This function calls:
   741 ;;		_delay
   742 ;; This function is called by:
   743 ;;		_initLCD
   744 ;;		_main
   745 ;; This function uses a non-reentrant model
   746 ;;
   747                           
   748                           
   749                           ;psect for function _instCtrl
   750  05E1                     _instCtrl:	
   751                           
   752                           ;incstack = 0
   753                           ; Regs used in _instCtrl: [wreg+status,2+status,0+btemp+1+pclath+cstack]
   754                           ;instCtrl@INST stored from wreg
   755  05E1  00F6               	movwf	instCtrl@INST
   756                           
   757                           ;premid1-1.c: 36: PORTC = INST;
   758  05E2  0876               	movf	instCtrl@INST,w
   759  05E3  1283               	bcf	3,5	;RP0=0, select bank0
   760  05E4  1303               	bcf	3,6	;RP1=0, select bank0
   761  05E5  0087               	movwf	7	;volatile
   762                           
   763                           ;premid1-1.c: 37: RB1 = 0;
   764  05E6  1086               	bcf	6,1	;volatile
   765                           
   766                           ;premid1-1.c: 38: RB2 = 1;
   767  05E7  1506               	bsf	6,2	;volatile
   768                           
   769                           ;premid1-1.c: 39: delay(1);
   770  05E8  3001               	movlw	1
   771  05E9  00F0               	movwf	delay@cnt
   772  05EA  3000               	movlw	0
   773  05EB  00F1               	movwf	delay@cnt+1
   774  05EC  120A  118A  2619   	fcall	_delay
   775                           
   776                           ;premid1-1.c: 40: RB2 = 0;
   777  05EF  1283               	bcf	3,5	;RP0=0, select bank0
   778  05F0  1303               	bcf	3,6	;RP1=0, select bank0
   779  05F1  1106               	bcf	6,2	;volatile
   780  05F2  0008               	return
   781  05F3                     __end_of_instCtrl:	
   782                           
   783                           	psect	text3
   784  05CF                     __ptext3:	
   785 ;; *************** function _dataCtrl *****************
   786 ;; Defined at:
   787 ;;		line 25 in file "C:\Users\USER\OneDrive\Documents\premid1-1.c"
   788 ;; Parameters:    Size  Location     Type
   789 ;;  DATA            1    wreg     unsigned char 
   790 ;; Auto vars:     Size  Location     Type
   791 ;;  DATA            1    6[COMMON] unsigned char 
   792 ;; Return value:  Size  Location     Type
   793 ;;		None               void
   794 ;; Registers used:
   795 ;;		wreg, status,2, status,0, btemp+1, pclath, cstack
   796 ;; Tracked objects:
   797 ;;		On entry : 0/0
   798 ;;		On exit  : 0/0
   799 ;;		Unchanged: 0/0
   800 ;; Data sizes:     COMMON   BANK0   BANK1   BANK3   BANK2
   801 ;;      Params:         0       0       0       0       0
   802 ;;      Locals:         1       0       0       0       0
   803 ;;      Temps:          0       0       0       0       0
   804 ;;      Totals:         1       0       0       0       0
   805 ;;Total ram usage:        1 bytes
   806 ;; Hardware stack levels used:    1
   807 ;; Hardware stack levels required when called:    1
   808 ;; This function calls:
   809 ;;		_delay
   810 ;; This function is called by:
   811 ;;		_main
   812 ;; This function uses a non-reentrant model
   813 ;;
   814                           
   815                           
   816                           ;psect for function _dataCtrl
   817  05CF                     _dataCtrl:	
   818                           
   819                           ;incstack = 0
   820                           ; Regs used in _dataCtrl: [wreg+status,2+status,0+btemp+1+pclath+cstack]
   821                           ;dataCtrl@DATA stored from wreg
   822  05CF  00F6               	movwf	dataCtrl@DATA
   823                           
   824                           ;premid1-1.c: 27: PORTC = DATA;
   825  05D0  0876               	movf	dataCtrl@DATA,w
   826  05D1  1283               	bcf	3,5	;RP0=0, select bank0
   827  05D2  1303               	bcf	3,6	;RP1=0, select bank0
   828  05D3  0087               	movwf	7	;volatile
   829                           
   830                           ;premid1-1.c: 28: RB1 = 1;
   831  05D4  1486               	bsf	6,1	;volatile
   832                           
   833                           ;premid1-1.c: 29: RB2 = 1;
   834  05D5  1506               	bsf	6,2	;volatile
   835                           
   836                           ;premid1-1.c: 30: delay(1);
   837  05D6  3001               	movlw	1
   838  05D7  00F0               	movwf	delay@cnt
   839  05D8  3000               	movlw	0
   840  05D9  00F1               	movwf	delay@cnt+1
   841  05DA  120A  118A  2619   	fcall	_delay
   842                           
   843                           ;premid1-1.c: 31: RB2 = 0;
   844  05DD  1283               	bcf	3,5	;RP0=0, select bank0
   845  05DE  1303               	bcf	3,6	;RP1=0, select bank0
   846  05DF  1106               	bcf	6,2	;volatile
   847  05E0  0008               	return
   848  05E1                     __end_of_dataCtrl:	
   849                           
   850                           	psect	text4
   851  0619                     __ptext4:	
   852 ;; *************** function _delay *****************
   853 ;; Defined at:
   854 ;;		line 16 in file "C:\Users\USER\OneDrive\Documents\premid1-1.c"
   855 ;; Parameters:    Size  Location     Type
   856 ;;  cnt             2    0[COMMON] int 
   857 ;; Auto vars:     Size  Location     Type
   858 ;;  j               2    4[COMMON] int 
   859 ;;  i               2    2[COMMON] int 
   860 ;; Return value:  Size  Location     Type
   861 ;;		None               void
   862 ;; Registers used:
   863 ;;		wreg, status,2, status,0, btemp+1
   864 ;; Tracked objects:
   865 ;;		On entry : 0/0
   866 ;;		On exit  : 0/0
   867 ;;		Unchanged: 0/0
   868 ;; Data sizes:     COMMON   BANK0   BANK1   BANK3   BANK2
   869 ;;      Params:         2       0       0       0       0
   870 ;;      Locals:         4       0       0       0       0
   871 ;;      Temps:          0       0       0       0       0
   872 ;;      Totals:         6       0       0       0       0
   873 ;;Total ram usage:        6 bytes
   874 ;; Hardware stack levels used:    1
   875 ;; This function calls:
   876 ;;		Nothing
   877 ;; This function is called by:
   878 ;;		_dataCtrl
   879 ;;		_instCtrl
   880 ;;		_initLCD
   881 ;;		_main
   882 ;; This function uses a non-reentrant model
   883 ;;
   884                           
   885                           
   886                           ;psect for function _delay
   887  0619                     _delay:	
   888                           
   889                           ;premid1-1.c: 18: int i, j;
   890                           ;premid1-1.c: 19: for(i = cnt; i != 0; i--)
   891                           
   892                           ;incstack = 0
   893                           ; Regs used in _delay: [wreg+status,2+status,0+btemp+1]
   894  0619  0871               	movf	delay@cnt+1,w
   895  061A  01F3               	clrf	delay@i+1
   896  061B  07F3               	addwf	delay@i+1,f
   897  061C  0870               	movf	delay@cnt,w
   898  061D  01F2               	clrf	delay@i
   899  061E  07F2               	addwf	delay@i,f
   900  061F                     L10:	
   901  061F  0873               	movf	delay@i+1,w
   902  0620  0472               	iorwf	delay@i,w
   903  0621  1903               	btfsc	3,2
   904  0622  0008               	return
   905                           
   906                           ;premid1-1.c: 20: {
   907                           ;premid1-1.c: 21: for(j = 0; j < 3000; j++) {;}
   908  0623  01F4               	clrf	delay@j
   909  0624  01F5               	clrf	delay@j+1
   910  0625  0875               	movf	delay@j+1,w
   911  0626  3A80               	xorlw	128
   912  0627  00FF               	movwf	127
   913  0628  308B               	movlw	139
   914  0629  027F               	subwf	127,w
   915  062A  1D03               	skipz
   916  062B  2E2E               	goto	u25
   917  062C  30B8               	movlw	184
   918  062D  0274               	subwf	delay@j,w
   919  062E                     u25:	
   920  062E  1803               	btfsc	3,0
   921  062F  2E41               	goto	l541
   922  0630                     l537:	
   923  0630  3001               	movlw	1
   924  0631  07F4               	addwf	delay@j,f
   925  0632  1803               	skipnc
   926  0633  0AF5               	incf	delay@j+1,f
   927  0634  3000               	movlw	0
   928  0635  07F5               	addwf	delay@j+1,f
   929  0636  0875               	movf	delay@j+1,w
   930  0637  3A80               	xorlw	128
   931  0638  00FF               	movwf	127
   932  0639  308B               	movlw	139
   933  063A  027F               	subwf	127,w
   934  063B  1D03               	skipz
   935  063C  2E3F               	goto	u35
   936  063D  30B8               	movlw	184
   937  063E  0274               	subwf	delay@j,w
   938  063F                     u35:	
   939  063F  1C03               	skipc
   940  0640  2E30               	goto	l537
   941  0641                     l541:	
   942  0641  30FF               	movlw	255
   943  0642  07F2               	addwf	delay@i,f
   944  0643  1803               	skipnc
   945  0644  0AF3               	incf	delay@i+1,f
   946  0645  30FF               	movlw	255
   947  0646  07F3               	addwf	delay@i+1,f
   948  0647  2E1F               	goto	L10
   949  0648                     __end_of_delay:	
   950  007E                     btemp	set	126	;btemp
   951  007E                     wtemp	set	126
   952  007E                     wtemp0	set	126
   953  0080                     wtemp1	set	128
   954  0082                     wtemp2	set	130
   955  0084                     wtemp3	set	132
   956  0086                     wtemp4	set	134
   957  0088                     wtemp5	set	136
   958  007F                     wtemp6	set	127
   959  007E                     ttemp	set	126
   960  007E                     ttemp0	set	126
   961  0081                     ttemp1	set	129
   962  0084                     ttemp2	set	132
   963  0087                     ttemp3	set	135
   964  007F                     ttemp4	set	127
   965  007E                     ltemp	set	126
   966  007E                     ltemp0	set	126
   967  0082                     ltemp1	set	130
   968  0086                     ltemp2	set	134
   969  0080                     ltemp3	set	128


Data Sizes:
    Strings     0
    Constant    0
    Data        0
    BSS         2
    Persistent  0
    Stack       0

Auto Spaces:
    Space          Size  Autos    Used
    COMMON           14      7       9
    BANK0            80      0       0
    BANK1            80      0       0
    BANK3            96      0       0
    BANK2            96      0       0

Pointer List with Targets:

    None.

Critical Paths under _main in COMMON

    _main->_dataCtrl
    _main->_instCtrl
    _initLCD->_instCtrl
    _instCtrl->_delay
    _dataCtrl->_delay

Critical Paths under _main in BANK0

    None.

Critical Paths under _main in BANK1

    None.

Critical Paths under _main in BANK3

    None.

Critical Paths under _main in BANK2

    None.

Call Graph Tables:

 ---------------------------------------------------------------------------------
 (Depth) Function   	        Calls       Base Space   Used Autos Params    Refs
 ---------------------------------------------------------------------------------
 (0) _main                                                 0     0      0    1710
                           _dataCtrl
                              _delay
                            _initLCD
                           _instCtrl
 ---------------------------------------------------------------------------------
 (1) _initLCD                                              0     0      0     681
                              _delay
                           _instCtrl
 ---------------------------------------------------------------------------------
 (1) _instCtrl                                             1     1      0     348
                                              6 COMMON     1     1      0
                              _delay
 ---------------------------------------------------------------------------------
 (1) _dataCtrl                                             1     1      0     348
                                              6 COMMON     1     1      0
                              _delay
 ---------------------------------------------------------------------------------
 (2) _delay                                                6     4      2     333
                                              0 COMMON     6     4      2
 ---------------------------------------------------------------------------------
 Estimated maximum stack depth 2
 ---------------------------------------------------------------------------------

 Call Graph Graphs:

 _main (ROOT)
   _dataCtrl
     _delay
   _delay
   _initLCD
     _delay
     _instCtrl
       _delay
   _instCtrl
     _delay

 Address spaces:
Name               Size   Autos  Total    Cost      Usage
BITCOMMON            E      0       0       0        0.0%
EEDATA             100      0       0       0        0.0%
NULL                 0      0       0       0        0.0%
CODE                 0      0       0       0        0.0%
COMMON               E      7       9       1       64.3%
BITSFR0              0      0       0       1        0.0%
SFR0                 0      0       0       1        0.0%
BITSFR1              0      0       0       2        0.0%
SFR1                 0      0       0       2        0.0%
STACK                0      0       0       2        0.0%
ABS                  0      0       9       3        0.0%
BITBANK0            50      0       0       4        0.0%
BITSFR3              0      0       0       4        0.0%
SFR3                 0      0       0       4        0.0%
BANK0               50      0       0       5        0.0%
BITSFR2              0      0       0       5        0.0%
SFR2                 0      0       0       5        0.0%
BITBANK1            50      0       0       6        0.0%
BANK1               50      0       0       7        0.0%
BITBANK3            60      0       0       8        0.0%
BANK3               60      0       0       9        0.0%
BITBANK2            60      0       0      10        0.0%
BANK2               60      0       0      11        0.0%
DATA                 0      0       9      12        0.0%


Microchip Technology PIC Macro Assembler V1.33 build 59893 
Symbol Table                                                                                   Wed Mar 18 00:58:48 2026

            __CFG_CP$OFF 0000                       l40 06DE                       l63 07EC  
                     u25 062E                       u35 063F                      l541 0641  
                    l537 0630                      l641 071D                      l635 070E  
                    l653 073B                      l629 06FF                      l671 0768  
                    l647 072C                      l665 0759                      l577 0657  
                    l683 0783                      l659 074A                      l677 077A  
                    l687 078B                      _RB1 0031                      _RB2 0032  
                    _RD4 0044             __CFG_CPD$OFF 0000             __CFG_FOSC$XT 0000  
           __CFG_LVP$OFF 0000             __CFG_WRT$OFF 0000                     _main 0648  
                   btemp 007E            __CFG_BOREN$ON 0000                     ltemp 007E  
                   start 0000                     ttemp 007E                     wtemp 007E  
                  ?_main 0070            __CFG_WDTE$OFF 0000                    _PORTB 0006  
                  _PORTC 0007                    _PORTD 0008                    _TRISB 0086  
                  _TRISC 0087                    _TRISD 0088            __CFG_PWRTE$ON 0000  
        __end_of_initLCD 0619                    _delay 0619                    _input 0077  
                  ltemp0 007E                    ltemp1 0082                    ltemp2 0086  
                  ltemp3 0080                    ttemp0 007E                    ttemp1 0081  
                  ttemp2 0084                    ttemp3 0087                    ttemp4 007F  
                  status 0003                    wtemp0 007E                    wtemp1 0080  
                  wtemp2 0082                    wtemp3 0084                    wtemp4 0086  
                  wtemp5 0088                    wtemp6 007F          __initialization 07FA  
           __end_of_main 07FA                   ??_main 0077                   ?_delay 0070  
       __end_of_dataCtrl 05E1                   delay@i 0072                   delay@j 0074  
       __end_of_instCtrl 05F3                ??_initLCD 0077  __end_of__initialization 07FC  
         __pcstackCOMMON 0070            __end_of_delay 0648                  ??_delay 0072  
             __pmaintext 0648                ?_dataCtrl 0070                ?_instCtrl 0070  
                __ptext0 0000                  __ptext1 05F3                  __ptext2 05E1  
                __ptext3 05CF                  __ptext4 0619                  _initLCD 05F3  
             ??_dataCtrl 0076     end_of_initialization 07FC               ??_instCtrl 0076  
           instCtrl@INST 0076      start_initialization 07FA             dataCtrl@DATA 0076  
            __pbssCOMMON 0077                ___latbits 0002        __size_of_dataCtrl 0012  
      __size_of_instCtrl 0012                 ?_initLCD 0070           __size_of_delay 002F  
               _dataCtrl 05CF         __size_of_initLCD 0026            __size_of_main 01B2  
               _instCtrl 05E1                 delay@cnt 0070  
