Microchip MPLAB XC8 Compiler V1.33 ()

Linker command line:

--edf=C:\Program Files (x86)\Microchip\xc8\v1.33\dat\en_msgs.txt -cs \
  -h+PracticalActivity2.sym --cmf=PracticalActivity2.cmf -z -Q16F877A \
  -oC:\Users\npadas\AppData\Local\Temp\s4sk.6 -MPracticalActivity2.map -E1 \
  -ver=XC8 -ASTACK=0110h-016fh -pstack=STACK -ACONST=00h-0FFhx32 \
  -ACODE=00h-07FFhx4 -ASTRCODE=00h-01FFFh -AENTRY=00h-0FFhx32 \
  -ASTRING=00h-0FFhx32 -ACOMMON=070h-07Fh -ABANK0=020h-06Fh \
  -ABANK1=0A0h-0EFh -ABANK2=0110h-016Fh -ABANK3=0190h-01EFh \
  -ARAM=020h-06Fh,0A0h-0EFh,0110h-016Fh,0190h-01EFh \
  -AABS1=020h-07Fh,0A0h-0EFh,0110h-016Fh,0190h-01EFh -ASFR0=00h-01Fh \
  -ASFR1=080h-09Fh -ASFR2=0100h-010Fh -ASFR3=0180h-018Fh \
  -preset_vec=00h,intentry,init,end_init -ppowerup=CODE -pcinit=CODE \
  -pfunctab=CODE -ACONFIG=02007h-02007h -pconfig=CONFIG -DCONFIG=2 \
  -AIDLOC=02000h-02003h -pidloc=IDLOC -DIDLOC=2 -AEEDATA=00h-0FFh/02100h \
  -peeprom_data=EEDATA -DEEDATA=2 -DCODE=2 -DSTRCODE=2 -DSTRING=2 -DCONST=2 \
  -DENTRY=2 -k startup.obj PracticalActivity2.obj 

Object code version is 3.11

Machine type is 16F877A



                Name                               Link     Load   Length Selector   Space Scale
startup.obj     end_init                              0        0        3        0       0
                config                             2007     2007        1     400E       0
PracticalActivity2.obj
                cinit                               7FC      7FC        4      FF8       0
                text4                               6EB      6EB       2F      DD6       0
                text3                               69F      69F       13      D3E       0
                text2                               6B2      6B2       13      D64       0
                text1                               6C5      6C5       26      D8A       0
                maintext                            71A      71A       E2      E34       0
                cstackCOMMON                         70       70        B       70       1

TOTAL           Name                               Link     Load   Length     Space
        CLASS   STACK          

        CLASS   CONST          

        CLASS   CODE           
                end_init                              0        0        3         0
                cinit                               7FC      7FC        4         0
                text4                               6EB      6EB       2F         0
                text3                               69F      69F       13         0
                text2                               6B2      6B2       13         0
                text1                               6C5      6C5       26         0
                maintext                            71A      71A       E2         0

        CLASS   STRCODE        

        CLASS   ENTRY          

        CLASS   STRING         

        CLASS   COMMON         
                cstackCOMMON                         70       70        B         1

        CLASS   BANK0          

        CLASS   BANK1          

        CLASS   BANK2          

        CLASS   BANK3          

        CLASS   RAM            

        CLASS   ABS1           
                abs_s1                               7E       7E        2         1

        CLASS   SFR0           

        CLASS   SFR1           

        CLASS   SFR2           

        CLASS   SFR3           

        CLASS   CONFIG         
                config                             2007     2007        1         0

        CLASS   IDLOC          

        CLASS   EEDATA         



SEGMENTS        Name                           Load    Length   Top    Selector   Space  Class     Delta

                reset_vec                      000000  000003  000003         0       0  CODE        2
                cstackCOMMON                   000070  00000B  00007B        70       1  COMMON      1
                text3                          00069F  000013  0006B2       D3E       0  CODE        2
                text2                          0006B2  000013  0006C5       D64       0  CODE        2
                text1                          0006C5  000026  0006EB       D8A       0  CODE        2
                text4                          0006EB  00002F  00071A       DD6       0  CODE        2
                maintext                       00071A  0000E2  0007FC       E34       0  CODE        2
                cinit                          0007FC  000004  000800       FF8       0  CODE        2
                config                         002007  000001  002008      400E       0  CONFIG      2


UNUSED ADDRESS RANGES

        Name                Unused          Largest block    Delta
        BANK0            0020-006F             50           1
        BANK1            00A0-00EF             50           1
        BANK2            0110-016F             60           1
        BANK3            0190-01EF             60           1
        CODE             0003-069E            69C           2
                         0800-1FFF            800
        COMMON           007B-007D              3           1
        CONST            0003-069E            100           2
                         0800-1FFF            100
        EEDATA           2100-21FF            100           2
        ENTRY            0003-069E            100           2
                         0800-1FFF            100
        IDLOC            2000-2003              4           2
        RAM              0020-006F             50           1
                         00A0-00EF             50
                         0110-016F             60
                         0190-01EF             60
        SFR0             0000-001F             20           1
        SFR1             0080-009F             20           1
        SFR2             0100-010F             10           1
        SFR3             0180-018F             10           1
        STACK            0110-016F             60           1
        STRCODE          0003-069E            69C           2
                         0800-1FFF           1800
        STRING           0003-069E            100           2
                         0800-1FFF            100

                                  Symbol Table

_OPTION_REG              (abs)        0081
_PORTC                   (abs)        0007
_PORTD                   (abs)        0008
_RB0                     (abs)        0030
_RB1                     (abs)        0031
_RB2                     (abs)        0032
_RD0                     (abs)        0040
_TRISB                   (abs)        0086
_TRISC                   (abs)        0087
_TRISD                   (abs)        0088
__CFG_BOREN$ON           (abs)        0000
__CFG_CP$OFF             (abs)        0000
__CFG_CPD$OFF            (abs)        0000
__CFG_FOSC$XT            (abs)        0000
__CFG_LVP$OFF            (abs)        0000
__CFG_PWRTE$ON           (abs)        0000
__CFG_WDTE$OFF           (abs)        0000
__CFG_WRT$OFF            (abs)        0000
__Habs1                  abs1         0000
__Hbank0                 bank0        0000
__Hbank1                 bank1        0000
__Hbank2                 bank2        0000
__Hbank3                 bank3        0000
__Hcinit                 cinit        0800
__Hclrtext               clrtext      0000
__Hcode                  code         0000
__Hcommon                common       0000
__Hconfig                config       2008
__HcstackCOMMON          cstackCOMMON 0000
__Heeprom_data           eeprom_data  0000
__Hend_init              end_init     0003
__Hfunctab               functab      0000
__Hidloc                 idloc        0000
__Hinit                  init         0000
__Hintentry              intentry     0000
__Hmaintext              maintext     0000
__Hpowerup               powerup      0000
__Hram                   ram          0000
__Hreset_vec             reset_vec    0000
__Hsfr0                  sfr0         0000
__Hsfr1                  sfr1         0000
__Hsfr2                  sfr2         0000
__Hsfr3                  sfr3         0000
__Hspace_0               (abs)        2008
__Hspace_1               (abs)        007B
__Hspace_2               (abs)        0000
__Hspace_3               (abs)        0000
__Hstack                 stack        0000
__Hstrings               strings      0000
__Htext                  text         0000
__Labs1                  abs1         0000
__Lbank0                 bank0        0000
__Lbank1                 bank1        0000
__Lbank2                 bank2        0000
__Lbank3                 bank3        0000
__Lcinit                 cinit        07FC
__Lclrtext               clrtext      0000
__Lcode                  code         0000
__Lcommon                common       0000
__Lconfig                config       2007
__LcstackCOMMON          cstackCOMMON 0000
__Leeprom_data           eeprom_data  0000
__Lend_init              end_init     0000
__Lfunctab               functab      0000
__Lidloc                 idloc        0000
__Linit                  init         0000
__Lintentry              intentry     0000
__Lmaintext              maintext     0000
__Lpowerup               powerup      0000
__Lram                   ram          0000
__Lreset_vec             reset_vec    0000
__Lsfr0                  sfr0         0000
__Lsfr1                  sfr1         0000
__Lsfr2                  sfr2         0000
__Lsfr3                  sfr3         0000
__Lspace_0               (abs)        0000
__Lspace_1               (abs)        0000
__Lspace_2               (abs)        0000
__Lspace_3               (abs)        0000
__Lstack                 stack        0000
__Lstrings               strings      0000
__Ltext                  text         0000
__S0                     (abs)        2008
__S1                     (abs)        007B
__S2                     (abs)        0000
__S3                     (abs)        0000
___int_sp                stack        0000
___latbits               (abs)        0002
___sp                    stack        0000
__end_of__initialization cinit        07FC
__end_of_dataCtrl        text3        06B2
__end_of_delay           text4        071A
__end_of_initializeLCD   text1        06EB
__end_of_instructCtrl    text2        06C5
__end_of_main            maintext     07FC
__initialization         cinit        07FC
__pcstackCOMMON          cstackCOMMON 0070
__pmaintext              maintext     071A
__ptext0                 text0        0000
__ptext1                 text1        06C5
__ptext2                 text2        06B2
__ptext3                 text3        069F
__ptext4                 text4        06EB
__size_of_dataCtrl       (abs)        0000
__size_of_delay          (abs)        0000
__size_of_initializeLCD  (abs)        0000
__size_of_instructCtrl   (abs)        0000
__size_of_main           (abs)        0000
_dataCtrl                text3        069F
_delay                   text4        06EB
_initializeLCD           text1        06C5
_instructCtrl            text2        06B2
_main                    maintext     071A
btemp                    (abs)        007E
dataCtrl@data_in         cstackCOMMON 0076
delay@cnt                cstackCOMMON 0070
delay@i                  cstackCOMMON 0072
delay@j                  cstackCOMMON 0074
end_of_initialization    cinit        07FC
instructCtrl@inst        cstackCOMMON 0076
intlevel0                functab      0000
intlevel1                functab      0000
intlevel2                functab      0000
intlevel3                functab      0000
intlevel4                functab      0000
intlevel5                functab      0000
ltemp                    (abs)        007E
ltemp0                   (abs)        007E
ltemp1                   (abs)        0082
ltemp2                   (abs)        0086
ltemp3                   (abs)        0080
main@cnt                 cstackCOMMON 0079
main@data                cstackCOMMON 0078
reset_vec                reset_vec    0000
stackhi                  (abs)        0000
stacklo                  (abs)        0000
start                    init         0000
start_initialization     cinit        07FC
ttemp                    (abs)        007E
ttemp0                   (abs)        007E
ttemp1                   (abs)        0081
ttemp2                   (abs)        0084
ttemp3                   (abs)        0087
ttemp4                   (abs)        007F
wtemp                    (abs)        007E
wtemp0                   (abs)        007E
wtemp1                   (abs)        0080
wtemp2                   (abs)        0082
wtemp3                   (abs)        0084
wtemp4                   (abs)        0086
wtemp5                   (abs)        0088
wtemp6                   (abs)        007F


FUNCTION INFORMATION:

 *************** function _main *****************
 Defined at:
		line 51 in file "Z:\CPE3201-Padas\PracticalActivities\PA2\PracticalActivity2.c"
 Parameters:    Size  Location     Type
		None
 Auto vars:     Size  Location     Type
  cnt             2    9[COMMON] int 
  data            1    8[COMMON] unsigned char 
 Return value:  Size  Location     Type
		None               void
 Registers used:
		wreg, fsr0l, fsr0h, status,2, status,0, btemp+1, pclath, cstack
 Tracked objects:
		On entry : 
		On exit  : 
		Unchanged: 
 Data sizes:     COMMON   BANK0   BANK1   BANK3   BANK2
      Params:         0       0       0       0       0
      Locals:         3       0       0       0       0
      Temps:          1       0       0       0       0
      Totals:         4       0       0       0       0
Total ram usage:        4 bytes
 Hardware stack levels required when called:    3
 This function calls:
		_dataCtrl
		_delay
		_initializeLCD
		_instructCtrl
 This function is called by:
		Startup code after reset
 This function uses a non-reentrant model


 *************** function _initializeLCD *****************
 Defined at:
		line 30 in file "Z:\CPE3201-Padas\PracticalActivities\PA2\PracticalActivity2.c"
 Parameters:    Size  Location     Type
		None
 Auto vars:     Size  Location     Type
		None
 Return value:  Size  Location     Type
		None               void
 Registers used:
		wreg, status,2, status,0, btemp+1, pclath, cstack
 Tracked objects:
		On entry : 
		On exit  : 
		Unchanged: 
 Data sizes:     COMMON   BANK0   BANK1   BANK3   BANK2
      Params:         0       0       0       0       0
      Locals:         0       0       0       0       0
      Temps:          0       0       0       0       0
      Totals:         0       0       0       0       0
Total ram usage:        0 bytes
 Hardware stack levels used:    1
 Hardware stack levels required when called:    2
 This function calls:
		_delay
		_instructCtrl
 This function is called by:
		_main
 This function uses a non-reentrant model


 *************** function _instructCtrl *****************
 Defined at:
		line 20 in file "Z:\CPE3201-Padas\PracticalActivities\PA2\PracticalActivity2.c"
 Parameters:    Size  Location     Type
  inst            1    wreg     unsigned char 
 Auto vars:     Size  Location     Type
  inst            1    6[COMMON] unsigned char 
 Return value:  Size  Location     Type
		None               void
 Registers used:
		wreg, status,2, status,0, btemp+1, pclath, cstack
 Tracked objects:
		On entry : 
		On exit  : 
		Unchanged: 
 Data sizes:     COMMON   BANK0   BANK1   BANK3   BANK2
      Params:         0       0       0       0       0
      Locals:         1       0       0       0       0
      Temps:          0       0       0       0       0
      Totals:         1       0       0       0       0
Total ram usage:        1 bytes
 Hardware stack levels used:    1
 Hardware stack levels required when called:    1
 This function calls:
		_delay
 This function is called by:
		_initializeLCD
		_main
 This function uses a non-reentrant model


 *************** function _dataCtrl *****************
 Defined at:
		line 41 in file "Z:\CPE3201-Padas\PracticalActivities\PA2\PracticalActivity2.c"
 Parameters:    Size  Location     Type
  data_in         1    wreg     unsigned char 
 Auto vars:     Size  Location     Type
  data_in         1    6[COMMON] unsigned char 
 Return value:  Size  Location     Type
		None               void
 Registers used:
		wreg, status,2, status,0, btemp+1, pclath, cstack
 Tracked objects:
		On entry : 
		On exit  : 
		Unchanged: 
 Data sizes:     COMMON   BANK0   BANK1   BANK3   BANK2
      Params:         0       0       0       0       0
      Locals:         1       0       0       0       0
      Temps:          0       0       0       0       0
      Totals:         1       0       0       0       0
Total ram usage:        1 bytes
 Hardware stack levels used:    1
 Hardware stack levels required when called:    1
 This function calls:
		_delay
 This function is called by:
		_main
 This function uses a non-reentrant model


 *************** function _delay *****************
 Defined at:
		line 14 in file "Z:\CPE3201-Padas\PracticalActivities\PA2\PracticalActivity2.c"
 Parameters:    Size  Location     Type
  cnt             2    0[COMMON] int 
 Auto vars:     Size  Location     Type
  j               2    4[COMMON] int 
  i               2    2[COMMON] int 
 Return value:  Size  Location     Type
		None               void
 Registers used:
		wreg, status,2, status,0, btemp+1
 Tracked objects:
		On entry : 
		On exit  : 
		Unchanged: 
 Data sizes:     COMMON   BANK0   BANK1   BANK3   BANK2
      Params:         2       0       0       0       0
      Locals:         4       0       0       0       0
      Temps:          0       0       0       0       0
      Totals:         6       0       0       0       0
Total ram usage:        6 bytes
 Hardware stack levels used:    1
 This function calls:
		Nothing
 This function is called by:
		_instructCtrl
		_initializeLCD
		_dataCtrl
		_main
 This function uses a non-reentrant model



MODULE INFORMATION

Module		Function		Class		Link	Load	Size
Z:\CPE3201-Padas\PracticalActivities\PA2\PracticalActivity2.c
		_delay         		CODE           	06EB	0000	47
		_main          		CODE           	071A	0000	226
		_dataCtrl      		CODE           	069F	0000	19
		_instructCtrl  		CODE           	06B2	0000	19
		_initializeLCD 		CODE           	06C5	0000	38

Z:\CPE3201-Padas\PracticalActivities\PA2\PracticalActivity2.c estimated size: 349

shared
		__initializatio		CODE           	07FC	0000	0

shared estimated size: 0

